127.0.0.1 - - [22/Sep/2026 18:33:23] "GET /indy-2026.html HTTP/1.1" 200 -
127.0.0.1 - - [22/Sep/2026 18:33:37] "GET / HTTP/1.1" 200 -
----------------------------------------
Exception occurred during processing of request from ('127.0.0.1', 63930)
Traceback (most recent call last):
  File "C:\Users\acben\AppData\Local\Programs\Python\Python314\Lib\http\server.py", line 795, in send_head
    f = open(path, 'rb')
FileNotFoundError: [Errno 2] No such file or directory: 'C:\\Users\\acben\\OneDrive\\Documents\\Github\\catchall\\mecum-nashville\\out\\favicon.ico'

During handling of the above exception, another exception occurred:

Traceback (most recent call last):
  File "C:\Users\acben\AppData\Local\Programs\Python\Python314\Lib\socketserver.py", line 697, in process_request_thread
    self.finish_request(request, client_address)
    ~~~~~~~~~~~~~~~~~~~^^^^^^^^^^^^^^^^^^^^^^^^^
  File "C:\Users\acben\AppData\Local\Programs\Python\Python314\Lib\socketserver.py", line 362, in finish_request
    self.RequestHandlerClass(request, client_address, self)
    ~~~~~~~~~~~~~~~~~~~~~~~~^^^^^^^^^^^^^^^^^^^^^^^^^^^^^^^
  File "C:\Users\acben\OneDrive\Documents\Github\catchall\mecum-nashville\serve.py", line 71, in __init__
    super().__init__(*a, directory=OUT, **k)
    ~~~~~~~~~~~~~~~~^^^^^^^^^^^^^^^^^^^^^^^^
  File "C:\Users\acben\AppData\Local\Programs\Python\Python314\Lib\http\server.py", line 736, in __init__
    super().__init__(*args, **kwargs)
    ~~~~~~~~~~~~~~~~^^^^^^^^^^^^^^^^^
  File "C:\Users\acben\AppData\Local\Programs\Python\Python314\Lib\socketserver.py", line 766, in __init__
    self.handle()
    ~~~~~~~~~~~^^
  File "C:\Users\acben\AppData\Local\Programs\Python\Python314\Lib\http\server.py", line 500, in handle
    self.handle_one_request()
    ~~~~~~~~~~~~~~~~~~~~~~~^^
  File "C:\Users\acben\AppData\Local\Programs\Python\Python314\Lib\http\server.py", line 488, in handle_one_request
    method()
    ~~~~~~^^
  File "C:\Users\acben\OneDrive\Documents\Github\catchall\mecum-nashville\serve.py", line 87, in do_GET
    return super().do_GET()
           ~~~~~~~~~~~~~~^^
  File "C:\Users\acben\AppData\Local\Programs\Python\Python314\Lib\http\server.py", line 740, in do_GET
    f = self.send_head()
  File "C:\Users\acben\AppData\Local\Programs\Python\Python314\Lib\http\server.py", line 797, in send_head
    self.send_error(HTTPStatus.NOT_FOUND, "File not found")
    ~~~~~~~~~~~~~~~^^^^^^^^^^^^^^^^^^^^^^^^^^^^^^^^^^^^^^^^
  File "C:\Users\acben\AppData\Local\Programs\Python\Python314\Lib\http\server.py", line 530, in send_error
    self.log_error("code %d, message %s", code, message)
    ~~~~~~~~~~~~~~^^^^^^^^^^^^^^^^^^^^^^^^^^^^^^^^^^^^^^
  File "C:\Users\acben\AppData\Local\Programs\Python\Python314\Lib\http\server.py", line 632, in log_error
    self.log_message(format, *args)
    ~~~~~~~~~~~~~~~~^^^^^^^^^^^^^^^
  File "C:\Users\acben\OneDrive\Documents\Github\catchall\mecum-nashville\serve.py", line 94, in log_message
    if args and ("results/" in args[0] or "thumbs/" in args[0]): return
                 ^^^^^^^^^^^^^^^^^^^^^
TypeError: argument of type 'HTTPStatus' is not a container or iterable
----------------------------------------
127.0.0.1 - - [22/Sep/2026 18:34:27] "GET / HTTP/1.1" 304 -
----------------------------------------
Exception occurred during processing of request from ('127.0.0.1', 57233)
Traceback (most recent call last):
  File "C:\Users\acben\AppData\Local\Programs\Python\Python314\Lib\http\server.py", line 795, in send_head
    f = open(path, 'rb')
FileNotFoundError: [Errno 2] No such file or directory: 'C:\\Users\\acben\\OneDrive\\Documents\\Github\\catchall\\mecum-nashville\\out\\favicon.ico'

During handling of the above exception, another exception occurred:

Traceback (most recent call last):
  File "C:\Users\acben\AppData\Local\Programs\Python\Python314\Lib\socketserver.py", line 697, in process_request_thread
    self.finish_request(request, client_address)
    ~~~~~~~~~~~~~~~~~~~^^^^^^^^^^^^^^^^^^^^^^^^^
  File "C:\Users\acben\AppData\Local\Programs\Python\Python314\Lib\socketserver.py", line 362, in finish_request
    self.RequestHandlerClass(request, client_address, self)
    ~~~~~~~~~~~~~~~~~~~~~~~~^^^^^^^^^^^^^^^^^^^^^^^^^^^^^^^
  File "C:\Users\acben\OneDrive\Documents\Github\catchall\mecum-nashville\serve.py", line 71, in __init__
    super().__init__(*a, directory=OUT, **k)
    ~~~~~~~~~~~~~~~~^^^^^^^^^^^^^^^^^^^^^^^^
  File "C:\Users\acben\AppData\Local\Programs\Python\Python314\Lib\http\server.py", line 736, in __init__
    super().__init__(*args, **kwargs)
    ~~~~~~~~~~~~~~~~^^^^^^^^^^^^^^^^^
  File "C:\Users\acben\AppData\Local\Programs\Python\Python314\Lib\socketserver.py", line 766, in __init__
    self.handle()
    ~~~~~~~~~~~^^
  File "C:\Users\acben\AppData\Local\Programs\Python\Python314\Lib\http\server.py", line 500, in handle
    self.handle_one_request()
    ~~~~~~~~~~~~~~~~~~~~~~~^^
  File "C:\Users\acben\AppData\Local\Programs\Python\Python314\Lib\http\server.py", line 488, in handle_one_request
    method()
    ~~~~~~^^
  File "C:\Users\acben\OneDrive\Documents\Github\catchall\mecum-nashville\serve.py", line 87, in do_GET
    return super().do_GET()
           ~~~~~~~~~~~~~~^^
  File "C:\Users\acben\AppData\Local\Programs\Python\Python314\Lib\http\server.py", line 740, in do_GET
    f = self.send_head()
  File "C:\Users\acben\AppData\Local\Programs\Python\Python314\Lib\http\server.py", line 797, in send_head
    self.send_error(HTTPStatus.NOT_FOUND, "File not found")
    ~~~~~~~~~~~~~~~^^^^^^^^^^^^^^^^^^^^^^^^^^^^^^^^^^^^^^^^
  File "C:\Users\acben\AppData\Local\Programs\Python\Python314\Lib\http\server.py", line 530, in send_error
    self.log_error("code %d, message %s", code, message)
    ~~~~~~~~~~~~~~^^^^^^^^^^^^^^^^^^^^^^^^^^^^^^^^^^^^^^
  File "C:\Users\acben\AppData\Local\Programs\Python\Python314\Lib\http\server.py", line 632, in log_error
    self.log_message(format, *args)
    ~~~~~~~~~~~~~~~~^^^^^^^^^^^^^^^
  File "C:\Users\acben\OneDrive\Documents\Github\catchall\mecum-nashville\serve.py", line 94, in log_message
    if args and ("results/" in args[0] or "thumbs/" in args[0]): return
                 ^^^^^^^^^^^^^^^^^^^^^
TypeError: argument of type 'HTTPStatus' is not a container or iterable
----------------------------------------
127.0.0.1 - - [22/Sep/2026 18:38:30] "GET / HTTP/1.1" 304 -
----------------------------------------
Exception occurred during processing of request from ('127.0.0.1', 54967)
Traceback (most recent call last):
  File "C:\Users\acben\AppData\Local\Programs\Python\Python314\Lib\http\server.py", line 795, in send_head
    f = open(path, 'rb')
FileNotFoundError: [Errno 2] No such file or directory: 'C:\\Users\\acben\\OneDrive\\Documents\\Github\\catchall\\mecum-nashville\\out\\favicon.ico'

During handling of the above exception, another exception occurred:

Traceback (most recent call last):
  File "C:\Users\acben\AppData\Local\Programs\Python\Python314\Lib\socketserver.py", line 697, in process_request_thread
    self.finish_request(request, client_address)
    ~~~~~~~~~~~~~~~~~~~^^^^^^^^^^^^^^^^^^^^^^^^^
  File "C:\Users\acben\AppData\Local\Programs\Python\Python314\Lib\socketserver.py", line 362, in finish_request
    self.RequestHandlerClass(request, client_address, self)
    ~~~~~~~~~~~~~~~~~~~~~~~~^^^^^^^^^^^^^^^^^^^^^^^^^^^^^^^
  File "C:\Users\acben\OneDrive\Documents\Github\catchall\mecum-nashville\serve.py", line 71, in __init__
    super().__init__(*a, directory=OUT, **k)
    ~~~~~~~~~~~~~~~~^^^^^^^^^^^^^^^^^^^^^^^^
  File "C:\Users\acben\AppData\Local\Programs\Python\Python314\Lib\http\server.py", line 736, in __init__
    super().__init__(*args, **kwargs)
    ~~~~~~~~~~~~~~~~^^^^^^^^^^^^^^^^^
  File "C:\Users\acben\AppData\Local\Programs\Python\Python314\Lib\socketserver.py", line 766, in __init__
    self.handle()
    ~~~~~~~~~~~^^
  File "C:\Users\acben\AppData\Local\Programs\Python\Python314\Lib\http\server.py", line 500, in handle
    self.handle_one_request()
    ~~~~~~~~~~~~~~~~~~~~~~~^^
  File "C:\Users\acben\AppData\Local\Programs\Python\Python314\Lib\http\server.py", line 488, in handle_one_request
    method()
    ~~~~~~^^
  File "C:\Users\acben\OneDrive\Documents\Github\catchall\mecum-nashville\serve.py", line 87, in do_GET
    return super().do_GET()
           ~~~~~~~~~~~~~~^^
  File "C:\Users\acben\AppData\Local\Programs\Python\Python314\Lib\http\server.py", line 740, in do_GET
    f = self.send_head()
  File "C:\Users\acben\AppData\Local\Programs\Python\Python314\Lib\http\server.py", line 797, in send_head
    self.send_error(HTTPStatus.NOT_FOUND, "File not found")
    ~~~~~~~~~~~~~~~^^^^^^^^^^^^^^^^^^^^^^^^^^^^^^^^^^^^^^^^
  File "C:\Users\acben\AppData\Local\Programs\Python\Python314\Lib\http\server.py", line 530, in send_error
    self.log_error("code %d, message %s", code, message)
    ~~~~~~~~~~~~~~^^^^^^^^^^^^^^^^^^^^^^^^^^^^^^^^^^^^^^
  File "C:\Users\acben\AppData\Local\Programs\Python\Python314\Lib\http\server.py", line 632, in log_error
    self.log_message(format, *args)
    ~~~~~~~~~~~~~~~~^^^^^^^^^^^^^^^
  File "C:\Users\acben\OneDrive\Documents\Github\catchall\mecum-nashville\serve.py", line 94, in log_message
    if args and ("results/" in args[0] or "thumbs/" in args[0]): return
                 ^^^^^^^^^^^^^^^^^^^^^
TypeError: argument of type 'HTTPStatus' is not a container or iterable
----------------------------------------
127.0.0.1 - - [22/Sep/2026 18:38:43] "GET /nashville-2026.html HTTP/1.1" 200 -
127.0.0.1 - - [22/Sep/2026 18:40:35] "GET / HTTP/1.1" 200 -
----------------------------------------
Exception occurred during processing of request from ('127.0.0.1', 50992)
Traceback (most recent call last):
  File "C:\Users\acben\AppData\Local\Programs\Python\Python314\Lib\http\server.py", line 795, in send_head
    f = open(path, 'rb')
FileNotFoundError: [Errno 2] No such file or directory: 'C:\\Users\\acben\\OneDrive\\Documents\\Github\\catchall\\mecum-nashville\\out\\favicon.ico'

During handling of the above exception, another exception occurred:

Traceback (most recent call last):
  File "C:\Users\acben\AppData\Local\Programs\Python\Python314\Lib\socketserver.py", line 697, in process_request_thread
    self.finish_request(request, client_address)
    ~~~~~~~~~~~~~~~~~~~^^^^^^^^^^^^^^^^^^^^^^^^^
  File "C:\Users\acben\AppData\Local\Programs\Python\Python314\Lib\socketserver.py", line 362, in finish_request
    self.RequestHandlerClass(request, client_address, self)
    ~~~~~~~~~~~~~~~~~~~~~~~~^^^^^^^^^^^^^^^^^^^^^^^^^^^^^^^
  File "C:\Users\acben\OneDrive\Documents\Github\catchall\mecum-nashville\serve.py", line 71, in __init__
    super().__init__(*a, directory=OUT, **k)
    ~~~~~~~~~~~~~~~~^^^^^^^^^^^^^^^^^^^^^^^^
  File "C:\Users\acben\AppData\Local\Programs\Python\Python314\Lib\http\server.py", line 736, in __init__
    super().__init__(*args, **kwargs)
    ~~~~~~~~~~~~~~~~^^^^^^^^^^^^^^^^^
  File "C:\Users\acben\AppData\Local\Programs\Python\Python314\Lib\socketserver.py", line 766, in __init__
    self.handle()
    ~~~~~~~~~~~^^
  File "C:\Users\acben\AppData\Local\Programs\Python\Python314\Lib\http\server.py", line 500, in handle
    self.handle_one_request()
    ~~~~~~~~~~~~~~~~~~~~~~~^^
  File "C:\Users\acben\AppData\Local\Programs\Python\Python314\Lib\http\server.py", line 488, in handle_one_request
    method()
    ~~~~~~^^
  File "C:\Users\acben\OneDrive\Documents\Github\catchall\mecum-nashville\serve.py", line 87, in do_GET
    return super().do_GET()
           ~~~~~~~~~~~~~~^^
  File "C:\Users\acben\AppData\Local\Programs\Python\Python314\Lib\http\server.py", line 740, in do_GET
    f = self.send_head()
  File "C:\Users\acben\AppData\Local\Programs\Python\Python314\Lib\http\server.py", line 797, in send_head
    self.send_error(HTTPStatus.NOT_FOUND, "File not found")
    ~~~~~~~~~~~~~~~^^^^^^^^^^^^^^^^^^^^^^^^^^^^^^^^^^^^^^^^
  File "C:\Users\acben\AppData\Local\Programs\Python\Python314\Lib\http\server.py", line 530, in send_error
    self.log_error("code %d, message %s", code, message)
    ~~~~~~~~~~~~~~^^^^^^^^^^^^^^^^^^^^^^^^^^^^^^^^^^^^^^
  File "C:\Users\acben\AppData\Local\Programs\Python\Python314\Lib\http\server.py", line 632, in log_error
    self.log_message(format, *args)
    ~~~~~~~~~~~~~~~~^^^^^^^^^^^^^^^
  File "C:\Users\acben\OneDrive\Documents\Github\catchall\mecum-nashville\serve.py", line 94, in log_message
    if args and ("results/" in args[0] or "thumbs/" in args[0]): return
                 ^^^^^^^^^^^^^^^^^^^^^
TypeError: argument of type 'HTTPStatus' is not a container or iterable
----------------------------------------
127.0.0.1 - - [22/Sep/2026 18:45:18] "GET /nashville-2026.html HTTP/1.1" 200 -
127.0.0.1 - - [22/Sep/2026 18:46:29] "GET / HTTP/1.1" 200 -
----------------------------------------
Exception occurred during processing of request from ('127.0.0.1', 64785)
Traceback (most recent call last):
  File "C:\Users\acben\AppData\Local\Programs\Python\Python314\Lib\http\server.py", line 795, in send_head
    f = open(path, 'rb')
FileNotFoundError: [Errno 2] No such file or directory: 'C:\\Users\\acben\\OneDrive\\Documents\\Github\\catchall\\mecum-nashville\\out\\favicon.ico'

During handling of the above exception, another exception occurred:

Traceback (most recent call last):
  File "C:\Users\acben\AppData\Local\Programs\Python\Python314\Lib\socketserver.py", line 697, in process_request_thread
    self.finish_request(request, client_address)
    ~~~~~~~~~~~~~~~~~~~^^^^^^^^^^^^^^^^^^^^^^^^^
  File "C:\Users\acben\AppData\Local\Programs\Python\Python314\Lib\socketserver.py", line 362, in finish_request
    self.RequestHandlerClass(request, client_address, self)
    ~~~~~~~~~~~~~~~~~~~~~~~~^^^^^^^^^^^^^^^^^^^^^^^^^^^^^^^
  File "C:\Users\acben\OneDrive\Documents\Github\catchall\mecum-nashville\serve.py", line 71, in __init__
    super().__init__(*a, directory=OUT, **k)
    ~~~~~~~~~~~~~~~~^^^^^^^^^^^^^^^^^^^^^^^^
  File "C:\Users\acben\AppData\Local\Programs\Python\Python314\Lib\http\server.py", line 736, in __init__
    super().__init__(*args, **kwargs)
    ~~~~~~~~~~~~~~~~^^^^^^^^^^^^^^^^^
  File "C:\Users\acben\AppData\Local\Programs\Python\Python314\Lib\socketserver.py", line 766, in __init__
    self.handle()
    ~~~~~~~~~~~^^
  File "C:\Users\acben\AppData\Local\Programs\Python\Python314\Lib\http\server.py", line 500, in handle
    self.handle_one_request()
    ~~~~~~~~~~~~~~~~~~~~~~~^^
  File "C:\Users\acben\AppData\Local\Programs\Python\Python314\Lib\http\server.py", line 488, in handle_one_request
    method()
    ~~~~~~^^
  File "C:\Users\acben\OneDrive\Documents\Github\catchall\mecum-nashville\serve.py", line 87, in do_GET
    return super().do_GET()
           ~~~~~~~~~~~~~~^^
  File "C:\Users\acben\AppData\Local\Programs\Python\Python314\Lib\http\server.py", line 740, in do_GET
    f = self.send_head()
  File "C:\Users\acben\AppData\Local\Programs\Python\Python314\Lib\http\server.py", line 797, in send_head
    self.send_error(HTTPStatus.NOT_FOUND, "File not found")
    ~~~~~~~~~~~~~~~^^^^^^^^^^^^^^^^^^^^^^^^^^^^^^^^^^^^^^^^
  File "C:\Users\acben\AppData\Local\Programs\Python\Python314\Lib\http\server.py", line 530, in send_error
    self.log_error("code %d, message %s", code, message)
    ~~~~~~~~~~~~~~^^^^^^^^^^^^^^^^^^^^^^^^^^^^^^^^^^^^^^
  File "C:\Users\acben\AppData\Local\Programs\Python\Python314\Lib\http\server.py", line 632, in log_error
    self.log_message(format, *args)
    ~~~~~~~~~~~~~~~~^^^^^^^^^^^^^^^
  File "C:\Users\acben\OneDrive\Documents\Github\catchall\mecum-nashville\serve.py", line 94, in log_message
    if args and ("results/" in args[0] or "thumbs/" in args[0]): return
                 ^^^^^^^^^^^^^^^^^^^^^
TypeError: argument of type 'HTTPStatus' is not a container or iterable
----------------------------------------
127.0.0.1 - - [22/Sep/2026 18:55:53] "GET / HTTP/1.1" 304 -
----------------------------------------
Exception occurred during processing of request from ('127.0.0.1', 57762)
Traceback (most recent call last):
  File "C:\Users\acben\AppData\Local\Programs\Python\Python314\Lib\http\server.py", line 795, in send_head
    f = open(path, 'rb')
FileNotFoundError: [Errno 2] No such file or directory: 'C:\\Users\\acben\\OneDrive\\Documents\\Github\\catchall\\mecum-nashville\\out\\favicon.ico'

During handling of the above exception, another exception occurred:

Traceback (most recent call last):
  File "C:\Users\acben\AppData\Local\Programs\Python\Python314\Lib\socketserver.py", line 697, in process_request_thread
    self.finish_request(request, client_address)
    ~~~~~~~~~~~~~~~~~~~^^^^^^^^^^^^^^^^^^^^^^^^^
  File "C:\Users\acben\AppData\Local\Programs\Python\Python314\Lib\socketserver.py", line 362, in finish_request
    self.RequestHandlerClass(request, client_address, self)
    ~~~~~~~~~~~~~~~~~~~~~~~~^^^^^^^^^^^^^^^^^^^^^^^^^^^^^^^
  File "C:\Users\acben\OneDrive\Documents\Github\catchall\mecum-nashville\serve.py", line 71, in __init__
    super().__init__(*a, directory=OUT, **k)
    ~~~~~~~~~~~~~~~~^^^^^^^^^^^^^^^^^^^^^^^^
  File "C:\Users\acben\AppData\Local\Programs\Python\Python314\Lib\http\server.py", line 736, in __init__
    super().__init__(*args, **kwargs)
    ~~~~~~~~~~~~~~~~^^^^^^^^^^^^^^^^^
  File "C:\Users\acben\AppData\Local\Programs\Python\Python314\Lib\socketserver.py", line 766, in __init__
    self.handle()
    ~~~~~~~~~~~^^
  File "C:\Users\acben\AppData\Local\Programs\Python\Python314\Lib\http\server.py", line 500, in handle
    self.handle_one_request()
    ~~~~~~~~~~~~~~~~~~~~~~~^^
  File "C:\Users\acben\AppData\Local\Programs\Python\Python314\Lib\http\server.py", line 488, in handle_one_request
    method()
    ~~~~~~^^
  File "C:\Users\acben\OneDrive\Documents\Github\catchall\mecum-nashville\serve.py", line 87, in do_GET
    return super().do_GET()
           ~~~~~~~~~~~~~~^^
  File "C:\Users\acben\AppData\Local\Programs\Python\Python314\Lib\http\server.py", line 740, in do_GET
    f = self.send_head()
  File "C:\Users\acben\AppData\Local\Programs\Python\Python314\Lib\http\server.py", line 797, in send_head
    self.send_error(HTTPStatus.NOT_FOUND, "File not found")
    ~~~~~~~~~~~~~~~^^^^^^^^^^^^^^^^^^^^^^^^^^^^^^^^^^^^^^^^
  File "C:\Users\acben\AppData\Local\Programs\Python\Python314\Lib\http\server.py", line 530, in send_error
    self.log_error("code %d, message %s", code, message)
    ~~~~~~~~~~~~~~^^^^^^^^^^^^^^^^^^^^^^^^^^^^^^^^^^^^^^
  File "C:\Users\acben\AppData\Local\Programs\Python\Python314\Lib\http\server.py", line 632, in log_error
    self.log_message(format, *args)
    ~~~~~~~~~~~~~~~~^^^^^^^^^^^^^^^
  File "C:\Users\acben\OneDrive\Documents\Github\catchall\mecum-nashville\serve.py", line 94, in log_message
    if args and ("results/" in args[0] or "thumbs/" in args[0]): return
                 ^^^^^^^^^^^^^^^^^^^^^
TypeError: argument of type 'HTTPStatus' is not a container or iterable
----------------------------------------
127.0.0.1 - - [22/Sep/2026 18:56:18] "GET /nashville-2026.html HTTP/1.1" 200 -
127.0.0.1 - - [22/Sep/2026 19:05:27] "GET / HTTP/1.1" 200 -
----------------------------------------
Exception occurred during processing of request from ('127.0.0.1', 55243)
Traceback (most recent call last):
  File "C:\Users\acben\AppData\Local\Programs\Python\Python314\Lib\http\server.py", line 795, in send_head
    f = open(path, 'rb')
FileNotFoundError: [Errno 2] No such file or directory: 'C:\\Users\\acben\\OneDrive\\Documents\\Github\\catchall\\mecum-nashville\\out\\favicon.ico'

During handling of the above exception, another exception occurred:

Traceback (most recent call last):
  File "C:\Users\acben\AppData\Local\Programs\Python\Python314\Lib\socketserver.py", line 697, in process_request_thread
    self.finish_request(request, client_address)
    ~~~~~~~~~~~~~~~~~~~^^^^^^^^^^^^^^^^^^^^^^^^^
  File "C:\Users\acben\AppData\Local\Programs\Python\Python314\Lib\socketserver.py", line 362, in finish_request
    self.RequestHandlerClass(request, client_address, self)
    ~~~~~~~~~~~~~~~~~~~~~~~~^^^^^^^^^^^^^^^^^^^^^^^^^^^^^^^
  File "C:\Users\acben\OneDrive\Documents\Github\catchall\mecum-nashville\serve.py", line 71, in __init__
    super().__init__(*a, directory=OUT, **k)
    ~~~~~~~~~~~~~~~~^^^^^^^^^^^^^^^^^^^^^^^^
  File "C:\Users\acben\AppData\Local\Programs\Python\Python314\Lib\http\server.py", line 736, in __init__
    super().__init__(*args, **kwargs)
    ~~~~~~~~~~~~~~~~^^^^^^^^^^^^^^^^^
  File "C:\Users\acben\AppData\Local\Programs\Python\Python314\Lib\socketserver.py", line 766, in __init__
    self.handle()
    ~~~~~~~~~~~^^
  File "C:\Users\acben\AppData\Local\Programs\Python\Python314\Lib\http\server.py", line 500, in handle
    self.handle_one_request()
    ~~~~~~~~~~~~~~~~~~~~~~~^^
  File "C:\Users\acben\AppData\Local\Programs\Python\Python314\Lib\http\server.py", line 488, in handle_one_request
    method()
    ~~~~~~^^
  File "C:\Users\acben\OneDrive\Documents\Github\catchall\mecum-nashville\serve.py", line 87, in do_GET
    return super().do_GET()
           ~~~~~~~~~~~~~~^^
  File "C:\Users\acben\AppData\Local\Programs\Python\Python314\Lib\http\server.py", line 740, in do_GET
    f = self.send_head()
  File "C:\Users\acben\AppData\Local\Programs\Python\Python314\Lib\http\server.py", line 797, in send_head
    self.send_error(HTTPStatus.NOT_FOUND, "File not found")
    ~~~~~~~~~~~~~~~^^^^^^^^^^^^^^^^^^^^^^^^^^^^^^^^^^^^^^^^
  File "C:\Users\acben\AppData\Local\Programs\Python\Python314\Lib\http\server.py", line 530, in send_error
    self.log_error("code %d, message %s", code, message)
    ~~~~~~~~~~~~~~^^^^^^^^^^^^^^^^^^^^^^^^^^^^^^^^^^^^^^
  File "C:\Users\acben\AppData\Local\Programs\Python\Python314\Lib\http\server.py", line 632, in log_error
    self.log_message(format, *args)
    ~~~~~~~~~~~~~~~~^^^^^^^^^^^^^^^
  File "C:\Users\acben\OneDrive\Documents\Github\catchall\mecum-nashville\serve.py", line 94, in log_message
    if args and ("results/" in args[0] or "thumbs/" in args[0]): return
                 ^^^^^^^^^^^^^^^^^^^^^
TypeError: argument of type 'HTTPStatus' is not a container or iterable
----------------------------------------
127.0.0.1 - - [22/Sep/2026 19:17:30] "GET / HTTP/1.1" 200 -
127.0.0.1 - - [22/Sep/2026 20:11:40] "GET /nashville-2026.html HTTP/1.1" 200 -
127.0.0.1 - - [22/Sep/2026 21:58:04] "GET / HTTP/1.1" 200 -
----------------------------------------
Exception occurred during processing of request from ('127.0.0.1', 64326)
Traceback (most recent call last):
  File "C:\Users\acben\AppData\Local\Programs\Python\Python314\Lib\http\server.py", line 795, in send_head
    f = open(path, 'rb')
FileNotFoundError: [Errno 2] No such file or directory: 'C:\\Users\\acben\\OneDrive\\Documents\\Github\\catchall\\mecum-nashville\\out\\favicon.ico'

During handling of the above exception, another exception occurred:

Traceback (most recent call last):
  File "C:\Users\acben\AppData\Local\Programs\Python\Python314\Lib\socketserver.py", line 697, in process_request_thread
    self.finish_request(request, client_address)
    ~~~~~~~~~~~~~~~~~~~^^^^^^^^^^^^^^^^^^^^^^^^^
  File "C:\Users\acben\AppData\Local\Programs\Python\Python314\Lib\socketserver.py", line 362, in finish_request
    self.RequestHandlerClass(request, client_address, self)
    ~~~~~~~~~~~~~~~~~~~~~~~~^^^^^^^^^^^^^^^^^^^^^^^^^^^^^^^
  File "C:\Users\acben\OneDrive\Documents\Github\catchall\mecum-nashville\serve.py", line 71, in __init__
    super().__init__(*a, directory=OUT, **k)
    ~~~~~~~~~~~~~~~~^^^^^^^^^^^^^^^^^^^^^^^^
  File "C:\Users\acben\AppData\Local\Programs\Python\Python314\Lib\http\server.py", line 736, in __init__
    super().__init__(*args, **kwargs)
    ~~~~~~~~~~~~~~~~^^^^^^^^^^^^^^^^^
  File "C:\Users\acben\AppData\Local\Programs\Python\Python314\Lib\socketserver.py", line 766, in __init__
    self.handle()
    ~~~~~~~~~~~^^
  File "C:\Users\acben\AppData\Local\Programs\Python\Python314\Lib\http\server.py", line 500, in handle
    self.handle_one_request()
    ~~~~~~~~~~~~~~~~~~~~~~~^^
  File "C:\Users\acben\AppData\Local\Programs\Python\Python314\Lib\http\server.py", line 488, in handle_one_request
    method()
    ~~~~~~^^
  File "C:\Users\acben\OneDrive\Documents\Github\catchall\mecum-nashville\serve.py", line 87, in do_GET
    return super().do_GET()
           ~~~~~~~~~~~~~~^^
  File "C:\Users\acben\AppData\Local\Programs\Python\Python314\Lib\http\server.py", line 740, in do_GET
    f = self.send_head()
  File "C:\Users\acben\AppData\Local\Programs\Python\Python314\Lib\http\server.py", line 797, in send_head
    self.send_error(HTTPStatus.NOT_FOUND, "File not found")
    ~~~~~~~~~~~~~~~^^^^^^^^^^^^^^^^^^^^^^^^^^^^^^^^^^^^^^^^
  File "C:\Users\acben\AppData\Local\Programs\Python\Python314\Lib\http\server.py", line 530, in send_error
    self.log_error("code %d, message %s", code, message)
    ~~~~~~~~~~~~~~^^^^^^^^^^^^^^^^^^^^^^^^^^^^^^^^^^^^^^
  File "C:\Users\acben\AppData\Local\Programs\Python\Python314\Lib\http\server.py", line 632, in log_error
    self.log_message(format, *args)
    ~~~~~~~~~~~~~~~~^^^^^^^^^^^^^^^
  File "C:\Users\acben\OneDrive\Documents\Github\catchall\mecum-nashville\serve.py", line 94, in log_message
    if args and ("results/" in args[0] or "thumbs/" in args[0]): return
                 ^^^^^^^^^^^^^^^^^^^^^
TypeError: argument of type 'HTTPStatus' is not a container or iterable
----------------------------------------
127.0.0.1 - - [22/Sep/2026 22:02:59] "GET / HTTP/1.1" 200 -
----------------------------------------
Exception occurred during processing of request from ('127.0.0.1', 62621)
Traceback (most recent call last):
  File "C:\Users\acben\AppData\Local\Programs\Python\Python314\Lib\http\server.py", line 795, in send_head
    f = open(path, 'rb')
FileNotFoundError: [Errno 2] No such file or directory: 'C:\\Users\\acben\\OneDrive\\Documents\\Github\\catchall\\mecum-nashville\\out\\favicon.ico'

During handling of the above exception, another exception occurred:

Traceback (most recent call last):
  File "C:\Users\acben\AppData\Local\Programs\Python\Python314\Lib\socketserver.py", line 697, in process_request_thread
    self.finish_request(request, client_address)
    ~~~~~~~~~~~~~~~~~~~^^^^^^^^^^^^^^^^^^^^^^^^^
  File "C:\Users\acben\AppData\Local\Programs\Python\Python314\Lib\socketserver.py", line 362, in finish_request
    self.RequestHandlerClass(request, client_address, self)
    ~~~~~~~~~~~~~~~~~~~~~~~~^^^^^^^^^^^^^^^^^^^^^^^^^^^^^^^
  File "C:\Users\acben\OneDrive\Documents\Github\catchall\mecum-nashville\serve.py", line 71, in __init__
    super().__init__(*a, directory=OUT, **k)
    ~~~~~~~~~~~~~~~~^^^^^^^^^^^^^^^^^^^^^^^^
  File "C:\Users\acben\AppData\Local\Programs\Python\Python314\Lib\http\server.py", line 736, in __init__
    super().__init__(*args, **kwargs)
    ~~~~~~~~~~~~~~~~^^^^^^^^^^^^^^^^^
  File "C:\Users\acben\AppData\Local\Programs\Python\Python314\Lib\socketserver.py", line 766, in __init__
    self.handle()
    ~~~~~~~~~~~^^
  File "C:\Users\acben\AppData\Local\Programs\Python\Python314\Lib\http\server.py", line 500, in handle
    self.handle_one_request()
    ~~~~~~~~~~~~~~~~~~~~~~~^^
  File "C:\Users\acben\AppData\Local\Programs\Python\Python314\Lib\http\server.py", line 488, in handle_one_request
    method()
    ~~~~~~^^
  File "C:\Users\acben\OneDrive\Documents\Github\catchall\mecum-nashville\serve.py", line 87, in do_GET
    return super().do_GET()
           ~~~~~~~~~~~~~~^^
  File "C:\Users\acben\AppData\Local\Programs\Python\Python314\Lib\http\server.py", line 740, in do_GET
    f = self.send_head()
  File "C:\Users\acben\AppData\Local\Programs\Python\Python314\Lib\http\server.py", line 797, in send_head
    self.send_error(HTTPStatus.NOT_FOUND, "File not found")
    ~~~~~~~~~~~~~~~^^^^^^^^^^^^^^^^^^^^^^^^^^^^^^^^^^^^^^^^
  File "C:\Users\acben\AppData\Local\Programs\Python\Python314\Lib\http\server.py", line 530, in send_error
    self.log_error("code %d, message %s", code, message)
    ~~~~~~~~~~~~~~^^^^^^^^^^^^^^^^^^^^^^^^^^^^^^^^^^^^^^
  File "C:\Users\acben\AppData\Local\Programs\Python\Python314\Lib\http\server.py", line 632, in log_error
    self.log_message(format, *args)
    ~~~~~~~~~~~~~~~~^^^^^^^^^^^^^^^
  File "C:\Users\acben\OneDrive\Documents\Github\catchall\mecum-nashville\serve.py", line 94, in log_message
    if args and ("results/" in args[0] or "thumbs/" in args[0]): return
                 ^^^^^^^^^^^^^^^^^^^^^
TypeError: argument of type 'HTTPStatus' is not a container or iterable
----------------------------------------
